173: rubes
171: ruses
168: rudes
168: rules
168: rumes
168: runes
147: ruers
137: rebus
135: resus
