266: gride
265: grize
263: gripe
263: tride
260: grike
260: grime
260: tripe
258: pride
257: prize
257: trike
255: trite
252: prime
245: frize
244: write
238: drive
