517: geres
507: gares
507: genes
505: gates
502: gales
487: gades
487: games
486: gapes
486: gazes
485: gages
481: gyres
479: gytes
476: gores
475: gites
471: goles
465: geats
465: gybes
465: gyves
461: gibes
461: gives
