382: molls
382: molly
377: colls
377: colly
377: dolls
377: dolly
377: jolls
377: jolly
377: polls
377: polly
377: tolls
377: tolly
375: lolls
375: lolly
372: bolls
372: folly
372: golly
372: nolls
372: rolls
372: wolly
