172: alloy
171: allot
170: allod
170: allow
152: salol
147: ollas
145: xylol
142: lolog
141: lilos
141: ollav
138: molal
126: tolyl
