85: loyal
84: local
84: loral
70: lysol
60: aldol
