9505: doree
9311: donee
9237: boree
8821: bored
8819: cored
8803: pored
8750: doner
8682: gored
8653: belee
8650: lered
8632: cered
8627: boned
8625: coned
8603: robed
8596: roved
8552: roked
8545: roded
8544: roped
8542: cooee
8514: coled
