7014: teles
6985: deles
6941: tenes
6940: lenes
6931: peles
6912: denes
6858: penes
6854: leses
6853: heles
6838: menes
6835: benes
6809: fetes
6801: netes
6798: metes
6795: betes
6795: veles
6763: genes
6754: ledes
6752: meses
6749: beses
